// Jest Snapshot v1, https://goo.gl/fbAQLP

exports[`Map should render Map 1`] = `
<View
  style={
    Object {
      "alignItems": "center",
      "backgroundColor": "#FFFFFF",
      "flex": 1,
      "justifyContent": "center",
    }
  }
  testID="map"
>
  <AIRMap
    initialRegion={null}
    onChange={[Function]}
    onLayout={[Function]}
    onMapReady={[Function]}
    onMarkerPress={[Function]}
    region={
      Object {
        "latitude": 48.85937441095902,
        "latitudeDelta": 0.005,
        "longitude": 2.3898020245080662,
        "longitudeDelta": 0.005,
      }
    }
    style={
      Object {
        "height": 1334,
        "width": 750,
      }
    }
  >
    <AIRMapMarker
      coordinate={
        Object {
          "latitude": 48.85937441095902,
          "latitudeDelta": 0.005,
          "longitude": 2.3898020245080662,
          "longitudeDelta": 0.005,
        }
      }
      onPress={[Function]}
      stopPropagation={false}
      style={
        Array [
          Object {
            "backgroundColor": "transparent",
            "position": "absolute",
          },
          undefined,
        ]
      }
      testID="marker"
    />
  </AIRMap>
  <Modal
    animationType="none"
    deviceHeight={null}
    deviceWidth={null}
    hardwareAccelerated={false}
    hideModalContentWhileAnimating={false}
    onBackdropPress={[Function]}
    onModalHide={[Function]}
    onModalWillHide={[Function]}
    onModalWillShow={[Function]}
    onRequestClose={[Function]}
    panResponderThreshold={4}
    scrollHorizontal={false}
    scrollOffset={0}
    scrollOffsetMax={0}
    scrollTo={null}
    statusBarTranslucent={false}
    supportedOrientations={
      Array [
        "portrait",
        "landscape",
      ]
    }
    swipeThreshold={100}
    transparent={true}
    visible={false}
  />
</View>
`;
